// Jest Snapshot v1, https://goo.gl/fbAQLP

exports[`Test utils should test createObjectFromSchema should create object out schema with different supported data types 1`] = `
Object {
  "address": Object {
    "country": " . . . . . . . . . . . .",
    "houseNo": " . . . .",
    "locality": " . . . . . . . . . . . . . . . . . . . .",
    "state": " . . . . . . . . . . . .",
    "street": " . . . . . . . . . . . . . . . . . . . . . . . . . . . . . . . . . . . . . . . . . . . . . . . . . . . . . . . . . . . . . . . . . . . . . . . . . . . . . . . .",
  },
  "name": " . . . . . . . . . .",
  "onSelect": [Function],
  "resident": true,
}
`;

exports[`Test utils should test mouldParagraph should create dummy paragraph 1`] = `"<span class=\\"stensil\\"> . . . . . . . . . . . . . . . . . . . . . . . . . . . . . . . . . . . . . . . . . . . . . . . . . .</span><span class=\\"stensil\\"> . . . . . . . . . . . . . . . . . . . . . . . . . . . . . . . . . . . . . . . . . . . . . . . . . .</span><span class=\\"stensil\\"> . . . . . . . . . . . . . . . . . . . . . . . . . . . . . . . . . . . . . . . . . . . . . . . . . .</span><span class=\\"stensil\\"> . . . . . . . . . . . . . . . . . . . . . . . . . . . . . . . . . . . . . . . . . . . . . . . . . .</span><span class=\\"stensil half\\"/>,<span class=\\"stensil\\"> . . . . . . . . . . . . . . . . . . . . . . . . . . . . . . . . . . . . . . . . . . . . . . . . . .</span><span class=\\"stensil\\"> . . . . . . . . . . . . . . . . . . . . . . . . . . . . . . . . . . . . . . . . . . . . . . . . . .</span><span class=\\"stensil\\"> . . . . . . . . . . . . . . . . . . . . . . . . . . . . . . . . . . . . . . . . . . . . . . . . . .</span><span class=\\"stensil\\"> . . . . . . . . . . . . . . . . . . . . . . . . . . . . . . . . . . . . . . . . . . . . . . . . . .</span><span class=\\"stensil half\\"/>,<span class=\\"stensil\\"> . . . . . . . . . . . . . . . . . . . . . . . . . . . . . . . . . . . . . . . . . . . . . . . . . .</span><span class=\\"stensil\\"> . . . . . . . . . . . . . . . . . . . . . . . . . . . . . . . . . . . . . . . . . . . . . . . . . .</span><span class=\\"stensil\\"> . . . . . . . . . . . . . . . . . . . . . . . . . . . . . . . . . . . . . . . . . . . . . . . . . .</span><span class=\\"stensil\\"> . . . . . . . . . . . . . . . . . . . . . . . . . . . . . . . . . . . . . . . . . . . . . . . . . .</span><span class=\\"stensil half\\"/>,<span class=\\"stensil\\"> . . . . . . . . . . . . . . . . . . . . . . . . . . . . . . . . . . . . . . . . . . . . . . . . . .</span><span class=\\"stensil\\"> . . . . . . . . . . . . . . . . . . . . . . . . . . . . . . . . . . . . . . . . . . . . . . . . . .</span><span class=\\"stensil\\"> . . . . . . . . . . . . . . . . . . . . . . . . . . . . . . . . . . . . . . . . . . . . . . . . . .</span><span class=\\"stensil\\"> . . . . . . . . . . . . . . . . . . . . . . . . . . . . . . . . . . . . . . . . . . . . . . . . . .</span><span class=\\"stensil half\\"/>"`;
